// Jest Snapshot v1, https://goo.gl/fbAQLP

exports[`City component test Renders City 1`] = `
<div
  className="heading"
>
  <h1>
    weather
  </h1>
  <span />
</div>
`;

exports[`Heading component test Renders Heading 1`] = `
<div
  className="heading"
>
  <h1>
    weather
  </h1>
  <span />
</div>
`;
